Booting the kernel
[    0.000000] Booting Linux on physical CPU 0x0000000000 [0x410fd034]
[    0.000000] Linux version 5.15.163 (ubuntu@ubuntu) (aarch64-linux-gnu-gcc (Ubuntu 11.4.0-1ubuntu1~22.04) 11.4.0, GNU ld (GNU Binutils for Ubuntu) 2.38) #1 SMP PREEMPT Sun Feb 23 22:05:00 UTC 2025
[    0.000000] Machine model: linux,dummy-virt
[    0.000000] efi: UEFI not found.
[    0.000000] NUMA: No NUMA configuration found
[    0.000000] NUMA: Faking a node at [mem 0x0000000040000000-0x000000004fffffff]
[    0.000000] NUMA: NODE_DATA [mem 0x4ff73c00-0x4ff75fff]
[    0.000000] Zone ranges:
[    0.000000]   DMA      [mem 0x0000000040000000-0x000000004fffffff]
[    0.000000]   DMA32    empty
[    0.000000]   Normal   empty
[    0.000000] Movable zone start for each node
[    0.000000] Early memory node ranges
[    0.000000]   node   0: [mem 0x0000000040000000-0x000000004fffffff]
[    0.000000] Initmem setup node 0 [mem 0x0000000040000000-0x000000004fffffff]
[    0.000000] cma: Reserved 32 MiB at 0x000000004d800000
[    0.000000] psci: probing for conduit method from DT.
[    0.000000] psci: PSCIv0.2 detected in firmware.
[    0.000000] psci: Using standard PSCI v0.2 function IDs
[    0.000000] psci: Trusted OS migration not required
[    0.000000] percpu: Embedded 20 pages/cpu s41560 r8192 d32168 u81920
[    0.000000] Detected VIPT I-cache on CPU0
[    0.000000] CPU features: kernel page table isolation forced ON by KASLR
[    0.000000] CPU features: detected: Kernel page table isolation (KPTI)
[    0.000000] CPU features: detected: ARM erratum 843419
[    0.000000] CPU features: detected: ARM erratum 845719
[    0.000000] Built 1 zonelists, mobility grouping on.  Total pages: 64512
[    0.000000] Policy zone: DMA
[    0.000000] Kernel command line: rdinit=/bin/sh
[    0.000000] Dentry cache hash table entries: 32768 (order: 6, 262144 bytes, linear)
[    0.000000] Inode-cache hash table entries: 16384 (order: 5, 131072 bytes, linear)
[    0.000000] mem auto-init: stack:off, heap alloc:off, heap free:off
[    0.000000] Memory: 189816K/262144K available (15168K kernel code, 3090K rwdata, 8280K rodata, 6208K init, 497K bss, 39560K reserved, 32768K cma-reserved)
[    0.000000] SLUB: HWalign=64, Order=0-3, MinObjects=0, CPUs=1, Nodes=1
[    0.000000] rcu: Preemptible hierarchical RCU implementation.
[    0.000000] rcu: 	RCU event tracing is enabled.
[    0.000000] rcu: 	RCU restricting CPUs from NR_CPUS=256 to nr_cpu_ids=1.
[    0.000000] 	Trampoline variant of Tasks RCU enabled.
[    0.000000] rcu: RCU calculated value of scheduler-enlistment delay is 25 jiffies.
[    0.000000] rcu: Adjusting geometry for rcu_fanout_leaf=16, nr_cpu_ids=1
[    0.000000] NR_IRQS: 64, nr_irqs: 64, preallocated irqs: 0
[    0.000000] Root IRQ handler: gic_handle_irq
[    0.000000] GICv2m: range[mem 0x08020000-0x08020fff], SPI[80:143]
[    0.000000] arch_timer: cp15 timer(s) running at 62.50MHz (virt).
[    0.000000] clocksource: arch_sys_counter: mask: 0xffffffffffffff max_cycles: 0x1cd42e208c, max_idle_ns: 881590405314 ns
[    0.000088] sched_clock: 56 bits at 62MHz, resolution 16ns, wraps every 4398046511096ns
[    0.008462] Console: colour dummy device 80x25
[    0.018171] printk: console [tty0] enabled
[    0.020036] Calibrating delay loop (skipped), value calculated using timer frequency.. 125.00 BogoMIPS (lpj=250000)
[    0.020214] pid_max: default: 32768 minimum: 301
[    0.020889] LSM: Security Framework initializing
[    0.023716] Mount-cache hash table entries: 512 (order: 0, 4096 bytes, linear)
[    0.023787] Mountpoint-cache hash table entries: 512 (order: 0, 4096 bytes, linear)
[    0.049914] /cpus/cpu-map: empty cluster
[    0.067326] rcu: Hierarchical SRCU implementation.
[    0.071282] EFI services will not be available.
[    0.071722] smp: Bringing up secondary CPUs ...
[    0.071824] smp: Brought up 1 node, 1 CPU
[    0.071866] SMP: Total of 1 processors activated.
[    0.071948] CPU features: detected: 32-bit EL0 Support
[    0.071992] CPU features: detected: 32-bit EL1 Support
[    0.072072] CPU features: detected: CRC32 instructions
[    0.103637] CPU: All CPU(s) started at EL1
[    0.104654] alternatives: patching kernel code
[    0.123986] devtmpfs: initialized
[    0.134433] KASLR enabled
[    0.135849] clocksource: jiffies: mask: 0xffffffff max_cycles: 0xffffffff, max_idle_ns: 7645041785100000 ns
[    0.136148] futex hash table entries: 256 (order: 2, 16384 bytes, linear)
[    0.153779] pinctrl core: initialized pinctrl subsystem
[    0.166932] DMI not present or invalid.
[    0.176894] NET: Registered PF_NETLINK/PF_ROUTE protocol family
[    0.192432] DMA: preallocated 128 KiB GFP_KERNEL pool for atomic allocations
[    0.193022] DMA: preallocated 128 KiB GFP_KERNEL|GFP_DMA pool for atomic allocations
[    0.193291] DMA: preallocated 128 KiB GFP_KERNEL|GFP_DMA32 pool for atomic allocations
[    0.193672] audit: initializing netlink subsys (disabled)
[    0.204825] audit: type=2000 audit(0.140:1): state=initialized audit_enabled=0 res=1
[    0.213328] thermal_sys: Registered thermal governor 'step_wise'
[    0.213398] thermal_sys: Registered thermal governor 'power_allocator'
[    0.216525] cpuidle: using governor menu
[    0.218603] hw-breakpoint: found 6 breakpoint and 4 watchpoint registers.
[    0.219276] ASID allocator initialised with 32768 entries
[    0.224831] Serial: AMBA PL011 UART driver
[    0.263083] 9000000.pl011: ttyAMA0 at MMIO 0x9000000 (irq = 47, base_baud = 0) is a PL011 rev1
[    0.281062] printk: console [ttyAMA0] enabled
[    0.313418] HugeTLB registered 1.00 GiB page size, pre-allocated 0 pages
[    0.313753] HugeTLB registered 32.0 MiB page size, pre-allocated 0 pages
[    0.314093] HugeTLB registered 2.00 MiB page size, pre-allocated 0 pages
[    0.314358] HugeTLB registered 64.0 KiB page size, pre-allocated 0 pages
[    0.323890] cryptd: max_cpu_qlen set to 1000
[    0.331858] ACPI: Interpreter disabled.
[    0.337020] iommu: Default domain type: Translated 
[    0.337257] iommu: DMA domain TLB invalidation policy: strict mode 
[    0.338311] vgaarb: loaded
[    0.339940] SCSI subsystem initialized
[    0.342024] usbcore: registered new interface driver usbfs
[    0.342483] usbcore: registered new interface driver hub
[    0.343075] usbcore: registered new device driver usb
[    0.344855] pps_core: LinuxPPS API ver. 1 registered
[    0.345066] pps_core: Software ver. 5.3.6 - Copyright 2005-2007 Rodolfo Giometti <giometti@linux.it>
[    0.345453] PTP clock support registered
[    0.346013] EDAC MC: Ver: 3.0.0
[    0.349938] FPGA manager framework
[    0.350689] Advanced Linux Sound Architecture Driver Initialized.
[    0.361375] clocksource: Switched to clocksource arch_sys_counter
[    0.362567] VFS: Disk quotas dquot_6.6.0
[    0.362911] VFS: Dquot-cache hash table entries: 512 (order 0, 4096 bytes)
[    0.364372] pnp: PnP ACPI: disabled
[    0.380374] NET: Registered PF_INET protocol family
[    0.381617] IP idents hash table entries: 4096 (order: 3, 32768 bytes, linear)
[    0.386547] tcp_listen_portaddr_hash hash table entries: 256 (order: 0, 4096 bytes, linear)
[    0.387177] Table-perturb hash table entries: 65536 (order: 6, 262144 bytes, linear)
[    0.387523] TCP established hash table entries: 2048 (order: 2, 16384 bytes, linear)
[    0.387957] TCP bind hash table entries: 2048 (order: 3, 32768 bytes, linear)
[    0.388350] TCP: Hash tables configured (established 2048 bind 2048)
[    0.390302] UDP hash table entries: 256 (order: 1, 8192 bytes, linear)
[    0.390747] UDP-Lite hash table entries: 256 (order: 1, 8192 bytes, linear)
[    0.392000] NET: Registered PF_UNIX/PF_LOCAL protocol family
[    0.394452] RPC: Registered named UNIX socket transport module.
[    0.394735] RPC: Registered udp transport module.
[    0.394936] RPC: Registered tcp transport module.
[    0.395118] RPC: Registered tcp NFSv4.1 backchannel transport module.
[    0.395448] PCI: CLS 0 bytes, default 64
[    0.399856] Unpacking initramfs...
[    0.406658] hw perfevents: enabled with armv8_pmuv3 PMU driver, 5 counters available
[    0.407449] kvm [1]: HYP mode not available
[    0.417258] Freeing initrd memory: 8K
[    0.427226] Initialise system trusted keyrings
[    0.428730] workingset: timestamp_bits=42 max_order=16 bucket_order=0
[    0.443004] squashfs: version 4.0 (2009/01/31) Phillip Lougher
[    0.445084] NFS: Registering the id_resolver key type
[    0.445597] Key type id_resolver registered
[    0.445799] Key type id_legacy registered
[    0.446688] nfs4filelayout_init: NFSv4 File Layout Driver Registering...
[    0.447040] nfs4flexfilelayout_init: NFSv4 Flexfile Layout Driver Registering...
[    0.447945] 9p: Installing v9fs 9p2000 file system support
[    0.489476] Key type asymmetric registered
[    0.489725] Asymmetric key parser 'x509' registered
[    0.490535] Block layer SCSI generic (bsg) driver version 0.4 loaded (major 245)
[    0.490939] io scheduler mq-deadline registered
[    0.491178] io scheduler kyber registered
[    0.510661] pl061_gpio 9030000.pl061: PL061 GPIO chip registered
[    0.515894] pci-host-generic 4010000000.pcie: host bridge /pcie@10000000 ranges:
[    0.516864] pci-host-generic 4010000000.pcie:       IO 0x003eff0000..0x003effffff -> 0x0000000000
[    0.517624] pci-host-generic 4010000000.pcie:      MEM 0x0010000000..0x003efeffff -> 0x0010000000
[    0.518189] pci-host-generic 4010000000.pcie:      MEM 0x8000000000..0xffffffffff -> 0x8000000000
[    0.518960] pci-host-generic 4010000000.pcie: Memory resource size exceeds max for 32 bits
[    0.519719] pci-host-generic 4010000000.pcie: ECAM at [mem 0x4010000000-0x401fffffff] for [bus 00-ff]
[    0.520988] pci-host-generic 4010000000.pcie: PCI host bridge to bus 0000:00
[    0.521412] pci_bus 0000:00: root bus resource [bus 00-ff]
[    0.521680] pci_bus 0000:00: root bus resource [io  0x0000-0xffff]
[    0.522252] pci_bus 0000:00: root bus resource [mem 0x10000000-0x3efeffff]
[    0.522534] pci_bus 0000:00: root bus resource [mem 0x8000000000-0xffffffffff]
[    0.524054] pci 0000:00:00.0: [1b36:0008] type 00 class 0x060000
[    0.527275] pci 0000:00:01.0: [1af4:1000] type 00 class 0x020000
[    0.527758] pci 0000:00:01.0: reg 0x10: [io  0x0000-0x001f]
[    0.528023] pci 0000:00:01.0: reg 0x14: [mem 0x00000000-0x00000fff]
[    0.528324] pci 0000:00:01.0: reg 0x20: [mem 0x00000000-0x00003fff 64bit pref]
[    0.528698] pci 0000:00:01.0: reg 0x30: [mem 0x00000000-0x0007ffff pref]
[    0.531297] pci 0000:00:01.0: BAR 6: assigned [mem 0x10000000-0x1007ffff pref]
[    0.531835] pci 0000:00:01.0: BAR 4: assigned [mem 0x8000000000-0x8000003fff 64bit pref]
[    0.532245] pci 0000:00:01.0: BAR 1: assigned [mem 0x10080000-0x10080fff]
[    0.532532] pci 0000:00:01.0: BAR 0: assigned [io  0x1000-0x101f]
[    0.537461] EINJ: ACPI disabled.
[    0.570197] virtio-pci 0000:00:01.0: enabling device (0000 -> 0003)
[    0.583766] Serial: 8250/16550 driver, 4 ports, IRQ sharing enabled
[    0.588884] SuperH (H)SCI(F) driver initialized
[    0.590292] msm_serial: driver initialized
[    0.593991] cacheinfo: Unable to detect cache hierarchy for CPU 0
[    0.619153] loop: module loaded
[    0.622534] megasas: 07.717.02.00-rc1
[    0.628261] physmap-flash 0.flash: physmap platform flash device: [mem 0x00000000-0x03ffffff]
[    0.630077] 0.flash: Found 2 x16 devices at 0x0 in 32-bit bank. Manufacturer ID 0x000000 Chip ID 0x000000
[    0.630859] Intel/Sharp Extended Query Table at 0x0031
[    0.632504] Using buffer write method
[    0.633301] physmap-flash 0.flash: physmap platform flash device: [mem 0x04000000-0x07ffffff]
[    0.634293] 0.flash: Found 2 x16 devices at 0x0 in 32-bit bank. Manufacturer ID 0x000000 Chip ID 0x000000
[    0.634753] Intel/Sharp Extended Query Table at 0x0031
[    0.635496] Using buffer write method
[    0.635754] Concatenating MTD devices:
[    0.635931] (0): "0.flash"
[    0.636060] (1): "0.flash"
[    0.636189] into device "0.flash"
[    0.664858] tun: Universal TUN/TAP device driver, 1.6
[    0.677757] thunder_xcv, ver 1.0
[    0.678104] thunder_bgx, ver 1.0
[    0.678323] nicpf, ver 1.0
[    0.680983] hns3: Hisilicon Ethernet Network Driver for Hip08 Family - version
[    0.681285] hns3: Copyright (c) 2017 Huawei Corporation.
[    0.681913] hclge is initializing
[    0.682181] e1000: Intel(R) PRO/1000 Network Driver
[    0.682380] e1000: Copyright (c) 1999-2006 Intel Corporation.
[    0.682701] e1000e: Intel(R) PRO/1000 Network Driver
[    0.682901] e1000e: Copyright(c) 1999 - 2015 Intel Corporation.
[    0.683222] igb: Intel(R) Gigabit Ethernet Network Driver
[    0.683444] igb: Copyright (c) 2007-2014 Intel Corporation.
[    0.683734] igbvf: Intel(R) Gigabit Virtual Function Network Driver
[    0.683976] igbvf: Copyright (c) 2009 - 2012 Intel Corporation.
[    0.684800] sky2: driver version 1.30
[    0.687256] VFIO - User Level meta-driver version: 0.3
[    0.693729] ehci_hcd: USB 2.0 'Enhanced' Host Controller (EHCI) Driver
[    0.694431] ehci-pci: EHCI PCI platform driver
[    0.695081] ehci-platform: EHCI generic platform driver
[    0.695520] ehci-orion: EHCI orion driver
[    0.695849] ehci-exynos: EHCI Exynos driver
[    0.696171] ohci_hcd: USB 1.1 'Open' Host Controller (OHCI) Driver
[    0.696556] ohci-pci: OHCI PCI platform driver
[    0.697363] ohci-platform: OHCI generic platform driver
[    0.698444] ohci-exynos: OHCI Exynos driver
[    0.700383] usbcore: registered new interface driver usb-storage
[    0.711605] rtc-pl031 9010000.pl031: registered as rtc0
[    0.712660] rtc-pl031 9010000.pl031: setting system clock to 2025-02-24T23:21:00 UTC (1740439260)
[    0.716952] i2c_dev: i2c /dev entries driver
[    0.728850] sdhci: Secure Digital Host Controller Interface driver
[    0.729218] sdhci: Copyright(c) Pierre Ossman
[    0.731355] Synopsys Designware Multimedia Card Interface Driver
[    0.733514] sdhci-pltfm: SDHCI platform and OF driver helper
[    0.737201] ledtrig-cpu: registered to indicate activity on CPUs
[    0.742042] usbcore: registered new interface driver usbhid
[    0.742348] usbhid: USB HID core driver
[    0.753290] NET: Registered PF_PACKET protocol family
[    0.754721] 9pnet: Installing 9P2000 support
[    0.755158] Key type dns_resolver registered
[    0.756255] Loading compiled-in X.509 certificates
[    0.767319] input: gpio-keys as /devices/platform/gpio-keys/input/input0
[    0.775371] clk: Disabling unused clocks
[    0.775852] ALSA device list:
[    0.776038]   No soundcards found.
[    0.779286] uart-pl011 9000000.pl011: no DMA platform data
[    0.782957] VFS: Cannot open root device "(null)" or unknown-block(0,0): error -6
[    0.783308] Please append a correct "root=" boot option; here are the available partitions:
[    0.783808] 1f00          131072 mtdblock0 
[    0.783892]  (driver?)
[    0.784350] Kernel panic - not syncing: VFS: Unable to mount root fs on unknown-block(0,0)
[    0.784812] CPU: 0 PID: 1 Comm: swapper/0 Not tainted 5.15.163 #1
[    0.785112] Hardware name: linux,dummy-virt (DT)
[    0.785497] Call trace:
[    0.785622]  dump_backtrace+0x0/0x1b0
[    0.786023]  show_stack+0x18/0x40
[    0.786200]  dump_stack_lvl+0x68/0x84
[    0.786375]  dump_stack+0x18/0x34
[    0.786535]  panic+0x188/0x350
[    0.786665]  mount_block_root+0x17c/0x22c
[    0.786835]  mount_root+0x204/0x240
[    0.786973]  prepare_namespace+0x130/0x170
[    0.787130]  kernel_init_freeable+0x25c/0x288
[    0.787308]  kernel_init+0x24/0x12c
[    0.787470]  ret_from_fork+0x10/0x20
[    0.787967] Kernel Offset: 0x4e9479e00000 from 0xffff800008000000
[    0.788207] PHYS_OFFSET: 0xffff963880000000
[    0.788377] CPU features: 0x0,00003401,00000846
[    0.788711] Memory Limit: none
[    0.789232] ---[ end Kernel panic - not syncing: VFS: Unable to mount root fs on unknown-block(0,0) ]---
Booting the kernel
